new int[][]{{Literal(DecimalInteger, [0]), Literal(DecimalInteger, [1])}, {Literal(DecimalInteger, [2]), Literal(DecimalInteger, [3])}, {Literal(DecimalInteger, [4]), Literal(DecimalInteger, [5])}}