new T[Literal(DecimalInteger, [1])]{Literal(DecimalInteger, [0])}