Assign(Name(x) RightShift Literal(DecimalInteger, [1]))