Assign(Name(x) Assign Assign(Name(y) Assign Name(z)))