(Literal(DecimalInteger, [1]) Add (Literal(DecimalInteger, [2]) Multiply Literal(DecimalInteger, [3])))