(Literal(DecimalInteger, [1]) Add Literal(DecimalInteger, [2]))