(Name(t))[Literal(DecimalInteger, [1]), (Name(u))[Literal(DecimalInteger, [2])]]