Lambda( => {
for (var v = Literal(DecimalInteger, [0]);
Condition();
)
(PostIncrement Name(v));
}
)