Lambda( => {
for (Condition((Name(x) LessThan Literal(DecimalInteger, [10])));
)
(PreDecrement Name(x));
}
)