Lambda( => {
for (Condition();
(PostIncrement Name(i));
(PostDecrement Name(j));
)
#empty;
}
)