Lambda( => {
if (Literal(True, [true]))
return(Literal(False, [false]));
return(Literal(True, [true]));
}
)