Name(F)((Name(G) LessThan Name(A)), (Name(B) GreaterThan Literal(DecimalInteger, [7])))