Name(F)(Name(G<A, B>)(Literal(DecimalInteger, [7])))