Name(f)(Literal(DecimalInteger, [1]), Literal(DecimalInteger, [2]))