Lambda( => (Name(x) Add Literal(DecimalInteger, [1]));
)