from s in Name(names)
where ((Name(s)).Length Equal Literal(DecimalInteger, [5]))
select (Name(s)).ToUpper()