Lambda( => {
synchronized (Name(lock)) {
Assign((Name(lock)).x Assign Name(y));
}
}
)