((Name(a) Add Literal(DecimalInteger, [1])) Multiply Name(b))