Lambda( => {
using (var s = new FileStream(Literal(VerbatimString, [@"c:\file.txt"]));
) {
(Name(s)).Read();
}
}
)