class C {
    void m() {
        for (; ; ) {
            break;
        }
    }
}
