class Point : Move {
    int x, y, c♮;
    void translação(int dx, int dy) {
        x += dx;
        y += dy;
    }
}
