class C {
    private int f;
    private boolean b;
}
