using java.lang;

public class C {
    public final static void main(string[] args) {
        for (int i = 0; i < args.length; i++) {
            System.@out.println(args[i]);
        }
    }
}
