using java.lang;

public class X {
    public static void main(string[] args) {
        System.@out.println("Hello, World!");
    }
}
