package p {
    class C {
        int m() {
            return 0;
        }
    }
}
