class C {
    public int Prop {
        get;
        set;
    }
}
