class C {
    public int Prop {
        get;
        private set;
    }
}
