using java.util;

class C {
    Iterable<?> f1;
    Map<? : object, string : ?> f2;
}
