#if expression: true, skipped: false
....----
....// Section
....----
#end
