#define XXX
----

----
#if expression: true, skipped: false
....----
....// OK
....----
#end
