// Lstab/bytecode/test/classes/GenericMethod; / Lstab/bytecode/test/classes/GenericMethod;
public class stab/bytecode/test/classes/GenericMethod : java/lang/Object {
    // (Ljava/lang/Object;)V / <T:Ljava/lang/Object;>(TT;)V
    public final V method<T>(T p0) {
    }
    // ()V / ()V
    public V <init>() {
    }
}
